// Jest Snapshot v1, https://goo.gl/fbAQLP

exports[`component: CreateWalletDialog - ConfirmMnemonic calls onConfirm with correct params 1`] = `
<form
  noValidate={true}
  onSubmit={[Function]}
>
  <div
    className="MuiDialogContent-root HookGlobalStyles-dialogContent-7"
  >
    <p
      className="MuiTypography-root MuiDialogContentText-root MuiTypography-body1 MuiTypography-colorTextSecondary"
    >
      description
    </p>
    <div
      id="MnemonicPhraseInput"
      mnemonic="mnemonic"
      onChange={[Function]}
    />
    <div
      className="MuiBox-root MuiBox-root-13"
    >
      <p
        className="MuiTypography-root MuiTypography-body2 MuiTypography-colorError"
      >
        
      </p>
    </div>
  </div>
  <div
    className="MuiDialogActions-root MuiDialogActions-spacing"
  >
    <div
      className="MuiBox-root MuiBox-root-14"
    >
      <button
        className="MuiButtonBase-root MuiButton-root MuiButton-contained MuiButton-containedPrimary"
        disabled={false}
        onBlur={[Function]}
        onDragLeave={[Function]}
        onFocus={[Function]}
        onKeyDown={[Function]}
        onKeyUp={[Function]}
        onMouseDown={[Function]}
        onMouseLeave={[Function]}
        onMouseUp={[Function]}
        onTouchEnd={[Function]}
        onTouchMove={[Function]}
        onTouchStart={[Function]}
        tabIndex={0}
        type="submit"
      >
        <span
          className="MuiButton-label"
        >
          common:next
        </span>
        <span
          className="MuiTouchRipple-root"
        />
      </button>
    </div>
  </div>
</form>
`;

exports[`component: CreateWalletDialog - ConfirmMnemonic renders default state correctly 1`] = `
<form
  noValidate={true}
  onSubmit={[Function]}
>
  <div
    className="MuiDialogContent-root HookGlobalStyles-dialogContent-7"
  >
    <p
      className="MuiTypography-root MuiDialogContentText-root MuiTypography-body1 MuiTypography-colorTextSecondary"
    >
      description
    </p>
    <div
      id="MnemonicPhraseInput"
      mnemonic=""
      onChange={[Function]}
    />
    <div
      className="MuiBox-root MuiBox-root-9"
    >
      <p
        className="MuiTypography-root MuiTypography-body2 MuiTypography-colorError"
      >
        
      </p>
    </div>
  </div>
  <div
    className="MuiDialogActions-root MuiDialogActions-spacing"
  >
    <div
      className="MuiBox-root MuiBox-root-10"
    >
      <button
        className="MuiButtonBase-root MuiButton-root MuiButton-contained MuiButton-containedPrimary"
        disabled={false}
        onBlur={[Function]}
        onDragLeave={[Function]}
        onFocus={[Function]}
        onKeyDown={[Function]}
        onKeyUp={[Function]}
        onMouseDown={[Function]}
        onMouseLeave={[Function]}
        onMouseUp={[Function]}
        onTouchEnd={[Function]}
        onTouchMove={[Function]}
        onTouchStart={[Function]}
        tabIndex={0}
        type="submit"
      >
        <span
          className="MuiButton-label"
        >
          common:next
        </span>
      </button>
    </div>
  </div>
</form>
`;

exports[`component: CreateWalletDialog - ConfirmMnemonic renders error state correctly 1`] = `
<form
  noValidate={true}
  onSubmit={[Function]}
>
  <div
    className="MuiDialogContent-root HookGlobalStyles-dialogContent-7"
  >
    <p
      className="MuiTypography-root MuiDialogContentText-root MuiTypography-body1 MuiTypography-colorTextSecondary"
    >
      description
    </p>
    <div
      id="MnemonicPhraseInput"
      mnemonic=""
      onChange={[Function]}
    />
    <div
      className="MuiBox-root MuiBox-root-11"
    >
      <p
        className="MuiTypography-root MuiTypography-body2 MuiTypography-colorError"
      >
        error
      </p>
    </div>
  </div>
  <div
    className="MuiDialogActions-root MuiDialogActions-spacing"
  >
    <div
      className="MuiBox-root MuiBox-root-12"
    >
      <button
        className="MuiButtonBase-root MuiButton-root MuiButton-contained MuiButton-containedPrimary"
        disabled={false}
        onBlur={[Function]}
        onDragLeave={[Function]}
        onFocus={[Function]}
        onKeyDown={[Function]}
        onKeyUp={[Function]}
        onMouseDown={[Function]}
        onMouseLeave={[Function]}
        onMouseUp={[Function]}
        onTouchEnd={[Function]}
        onTouchMove={[Function]}
        onTouchStart={[Function]}
        tabIndex={0}
        type="submit"
      >
        <span
          className="MuiButton-label"
        >
          common:next
        </span>
        <span
          className="MuiTouchRipple-root"
        />
      </button>
    </div>
  </div>
</form>
`;
