// Jest Snapshot v1, https://goo.gl/fbAQLP

exports[`component: CreateWalletDialog - CreateWallet renders correctly 1`] = `
Array [
  <div
    className="MuiDialogContent-root HookGlobalStyles-dialogContent-7"
  >
    <p
      className="MuiTypography-root MuiDialogContentText-root MuiTypography-body1 MuiTypography-colorTextSecondary"
    >
      common:create new wallet description
    </p>
    <MnemonicPhraseInput
      disabled={true}
      mnemonic="mnemonic"
    />
    <div
      className="MuiBox-root MuiBox-root-8"
    />
  </div>,
  <div
    className="MuiDialogActions-root MuiDialogActions-spacing"
  >
    <div
      className="MuiBox-root MuiBox-root-9"
    >
      <button
        className="MuiButtonBase-root MuiButton-root MuiButton-contained HookGlobalStyles-button-1 MuiButton-containedPrimary"
        disabled={false}
        onBlur={[Function]}
        onClick={[MockFunction]}
        onDragLeave={[Function]}
        onFocus={[Function]}
        onKeyDown={[Function]}
        onKeyUp={[Function]}
        onMouseDown={[Function]}
        onMouseLeave={[Function]}
        onMouseUp={[Function]}
        onTouchEnd={[Function]}
        onTouchMove={[Function]}
        onTouchStart={[Function]}
        tabIndex={0}
        type="button"
      >
        <span
          className="MuiButton-label"
        >
          common:create new wallet button
        </span>
      </button>
      <p
        className="MuiTypography-root MuiTypography-body1 MuiTypography-alignCenter"
      >
        common:create new wallet caption
      </p>
    </div>
  </div>,
]
`;
