// Jest Snapshot v1, https://goo.gl/fbAQLP

exports[`component: CreateWalletDialog - ImportWallet renders correctly 1`] = `
<form
  noValidate={true}
  onSubmit={[Function]}
>
  <div
    className="MuiDialogContent-root HookGlobalStyles-dialogContent-7"
  >
    <p
      className="MuiTypography-root MuiTypography-body1"
    >
      common:moniker
    </p>
    <div
      className="MuiFormControl-root MuiTextField-root MuiFormControl-fullWidth"
    >
      <div
        className="MuiInputBase-root MuiFilledInput-root MuiInputBase-fullWidth MuiInputBase-formControl"
        onClick={[Function]}
      >
        <input
          aria-invalid={false}
          autoFocus={false}
          className="MuiInputBase-input MuiFilledInput-input"
          disabled={false}
          onAnimationStart={[Function]}
          onBlur={[Function]}
          onChange={[Function]}
          onFocus={[Function]}
          placeholder="common:wallet name"
          required={false}
          type="text"
          value=""
        />
      </div>
    </div>
    <div
      className="MuiBox-root MuiBox-root-9"
    >
      <p
        className="MuiTypography-root MuiTypography-body1"
      >
        common:select currencies
      </p>
      <br />
      <div
        className="MuiGrid-root MuiGrid-container MuiGrid-spacing-xs-2"
      >
        <div
          className="MuiGrid-root MuiGrid-item MuiGrid-grid-md-4"
        >
          <button
            className="MuiButtonBase-root HookGlobalStyles-cryptoButton-6"
            disabled={false}
            onBlur={[Function]}
            onClick={[Function]}
            onDragLeave={[Function]}
            onFocus={[Function]}
            onKeyDown={[Function]}
            onKeyUp={[Function]}
            onMouseDown={[Function]}
            onMouseLeave={[Function]}
            onMouseUp={[Function]}
            onTouchEnd={[Function]}
            onTouchMove={[Function]}
            onTouchStart={[Function]}
            style={Object {}}
            tabIndex={0}
            type="button"
          >
            <div
              className="MuiBox-root MuiBox-root-10"
            >
              <div
                className="MuiAvatar-root MuiAvatar-circle"
              >
                <img
                  className="MuiAvatar-img"
                  src="/static/images/cryptocurrencies/dsm.png"
                />
              </div>
            </div>
            <p
              className="MuiTypography-root MuiTypography-body1 MuiTypography-colorTextSecondary"
            >
              DSM
            </p>
          </button>
        </div>
      </div>
    </div>
  </div>
  <div
    className="MuiDialogActions-root MuiDialogActions-spacing"
  >
    <div
      className="MuiBox-root MuiBox-root-11"
    >
      <button
        className="MuiButtonBase-root MuiButton-root MuiButton-contained HookGlobalStyles-button-1 MuiButton-containedPrimary Mui-disabled Mui-disabled"
        disabled={true}
        onBlur={[Function]}
        onDragLeave={[Function]}
        onFocus={[Function]}
        onKeyDown={[Function]}
        onKeyUp={[Function]}
        onMouseDown={[Function]}
        onMouseLeave={[Function]}
        onMouseUp={[Function]}
        onTouchEnd={[Function]}
        onTouchMove={[Function]}
        onTouchStart={[Function]}
        tabIndex={-1}
        type="submit"
      >
        <span
          className="MuiButton-label"
        >
          common:import
        </span>
      </button>
    </div>
  </div>
</form>
`;

exports[`component: CreateWalletDialog - ImportWallet renders correctly with wallet name 1`] = `
<form
  noValidate={true}
  onSubmit={[Function]}
>
  <div
    className="MuiDialogContent-root HookGlobalStyles-dialogContent-7"
  >
    <p
      className="MuiTypography-root MuiTypography-body1"
    >
      common:moniker
    </p>
    <div
      className="MuiFormControl-root MuiTextField-root MuiFormControl-fullWidth"
    >
      <div
        className="MuiInputBase-root MuiFilledInput-root MuiInputBase-fullWidth MuiInputBase-formControl"
        onClick={[Function]}
      >
        <input
          aria-invalid={false}
          autoFocus={false}
          className="MuiInputBase-input MuiFilledInput-input"
          disabled={false}
          onAnimationStart={[Function]}
          onBlur={[Function]}
          onChange={[Function]}
          onFocus={[Function]}
          placeholder="common:wallet name"
          required={false}
          type="text"
          value="wallet"
        />
      </div>
    </div>
    <div
      className="MuiBox-root MuiBox-root-12"
    >
      <p
        className="MuiTypography-root MuiTypography-body1"
      >
        common:select currencies
      </p>
      <br />
      <div
        className="MuiGrid-root MuiGrid-container MuiGrid-spacing-xs-2"
      >
        <div
          className="MuiGrid-root MuiGrid-item MuiGrid-grid-md-4"
        >
          <button
            className="MuiButtonBase-root HookGlobalStyles-cryptoButton-6"
            disabled={false}
            onBlur={[Function]}
            onClick={[Function]}
            onDragLeave={[Function]}
            onFocus={[Function]}
            onKeyDown={[Function]}
            onKeyUp={[Function]}
            onMouseDown={[Function]}
            onMouseLeave={[Function]}
            onMouseUp={[Function]}
            onTouchEnd={[Function]}
            onTouchMove={[Function]}
            onTouchStart={[Function]}
            style={Object {}}
            tabIndex={0}
            type="button"
          >
            <div
              className="MuiBox-root MuiBox-root-13"
            >
              <div
                className="MuiAvatar-root MuiAvatar-circle"
              >
                <img
                  className="MuiAvatar-img"
                  src="/static/images/cryptocurrencies/dsm.png"
                />
              </div>
            </div>
            <p
              className="MuiTypography-root MuiTypography-body1 MuiTypography-colorTextSecondary"
            >
              DSM
            </p>
            <span
              className="MuiTouchRipple-root"
            />
          </button>
        </div>
      </div>
    </div>
  </div>
  <div
    className="MuiDialogActions-root MuiDialogActions-spacing"
  >
    <div
      className="MuiBox-root MuiBox-root-14"
    >
      <button
        className="MuiButtonBase-root MuiButton-root MuiButton-contained HookGlobalStyles-button-1 MuiButton-containedPrimary Mui-disabled Mui-disabled"
        disabled={true}
        onBlur={[Function]}
        onDragLeave={[Function]}
        onFocus={[Function]}
        onKeyDown={[Function]}
        onKeyUp={[Function]}
        onMouseDown={[Function]}
        onMouseLeave={[Function]}
        onMouseUp={[Function]}
        onTouchEnd={[Function]}
        onTouchMove={[Function]}
        onTouchStart={[Function]}
        tabIndex={-1}
        type="submit"
      >
        <span
          className="MuiButton-label"
        >
          common:import
        </span>
      </button>
    </div>
  </div>
</form>
`;
