// Jest Snapshot v1, https://goo.gl/fbAQLP

exports[`component: CreateWalletDialog - SecurityPassword renders correctly 1`] = `
<form
  noValidate={true}
  onSubmit={[Function]}
>
  <div
    className="MuiDialogContent-root HookGlobalStyles-dialogContent-7"
  >
    <p
      className="MuiTypography-root MuiDialogContentText-root MuiTypography-body1 MuiTypography-colorTextSecondary"
    >
      common:security password description
    </p>
    <div
      className="MuiBox-root MuiBox-root-9"
    >
      <div
        id="PasswordInput"
        onChange={[Function]}
        placeholder="common:password"
        value=""
        withSecurityLevel={true}
      />
    </div>
  </div>
  <div
    className="MuiDialogActions-root MuiDialogActions-spacing"
  >
    <div
      className="MuiBox-root MuiBox-root-10"
    >
      <button
        className="MuiButtonBase-root MuiButton-root MuiButton-contained HookGlobalStyles-button-1 MuiButton-containedPrimary Mui-disabled Mui-disabled"
        disabled={true}
        onBlur={[Function]}
        onDragLeave={[Function]}
        onFocus={[Function]}
        onKeyDown={[Function]}
        onKeyUp={[Function]}
        onMouseDown={[Function]}
        onMouseLeave={[Function]}
        onMouseUp={[Function]}
        onTouchEnd={[Function]}
        onTouchMove={[Function]}
        onTouchStart={[Function]}
        tabIndex={-1}
        type="submit"
      >
        <span
          className="MuiButton-label"
        >
          common:next
        </span>
      </button>
    </div>
  </div>
</form>
`;

exports[`component: CreateWalletDialog - SecurityPassword renders correctly with medium strength password 1`] = `
<form
  noValidate={true}
  onSubmit={[Function]}
>
  <div
    className="MuiDialogContent-root HookGlobalStyles-dialogContent-7"
  >
    <p
      className="MuiTypography-root MuiDialogContentText-root MuiTypography-body1 MuiTypography-colorTextSecondary"
    >
      common:security password description
    </p>
    <div
      className="MuiBox-root MuiBox-root-15"
    >
      <div
        id="PasswordInput"
        onChange={[Function]}
        placeholder="common:password"
        value="123123qwe"
        withSecurityLevel={true}
      />
    </div>
  </div>
  <div
    className="MuiDialogActions-root MuiDialogActions-spacing"
  >
    <div
      className="MuiBox-root MuiBox-root-16"
    >
      <button
        className="MuiButtonBase-root MuiButton-root MuiButton-contained HookGlobalStyles-button-1 MuiButton-containedPrimary"
        disabled={false}
        onBlur={[Function]}
        onDragLeave={[Function]}
        onFocus={[Function]}
        onKeyDown={[Function]}
        onKeyUp={[Function]}
        onMouseDown={[Function]}
        onMouseLeave={[Function]}
        onMouseUp={[Function]}
        onTouchEnd={[Function]}
        onTouchMove={[Function]}
        onTouchStart={[Function]}
        tabIndex={0}
        type="submit"
      >
        <span
          className="MuiButton-label"
        >
          common:next
        </span>
        <span
          className="MuiTouchRipple-root"
        />
      </button>
    </div>
  </div>
</form>
`;

exports[`component: CreateWalletDialog - SecurityPassword renders correctly with password less than 6 char 1`] = `
<form
  noValidate={true}
  onSubmit={[Function]}
>
  <div
    className="MuiDialogContent-root HookGlobalStyles-dialogContent-7"
  >
    <p
      className="MuiTypography-root MuiDialogContentText-root MuiTypography-body1 MuiTypography-colorTextSecondary"
    >
      common:security password description
    </p>
    <div
      className="MuiBox-root MuiBox-root-11"
    >
      <div
        id="PasswordInput"
        onChange={[Function]}
        placeholder="common:password"
        value="123"
        withSecurityLevel={true}
      />
    </div>
  </div>
  <div
    className="MuiDialogActions-root MuiDialogActions-spacing"
  >
    <div
      className="MuiBox-root MuiBox-root-12"
    >
      <button
        className="MuiButtonBase-root MuiButton-root MuiButton-contained HookGlobalStyles-button-1 MuiButton-containedPrimary Mui-disabled Mui-disabled"
        disabled={true}
        onBlur={[Function]}
        onDragLeave={[Function]}
        onFocus={[Function]}
        onKeyDown={[Function]}
        onKeyUp={[Function]}
        onMouseDown={[Function]}
        onMouseLeave={[Function]}
        onMouseUp={[Function]}
        onTouchEnd={[Function]}
        onTouchMove={[Function]}
        onTouchStart={[Function]}
        tabIndex={-1}
        type="submit"
      >
        <span
          className="MuiButton-label"
        >
          common:next
        </span>
      </button>
    </div>
  </div>
</form>
`;

exports[`component: CreateWalletDialog - SecurityPassword renders correctly with strong password 1`] = `
<form
  noValidate={true}
  onSubmit={[Function]}
>
  <div
    className="MuiDialogContent-root HookGlobalStyles-dialogContent-7"
  >
    <p
      className="MuiTypography-root MuiDialogContentText-root MuiTypography-body1 MuiTypography-colorTextSecondary"
    >
      common:security password description
    </p>
    <div
      className="MuiBox-root MuiBox-root-17"
    >
      <div
        id="PasswordInput"
        onChange={[Function]}
        placeholder="common:password"
        value="123123qweQWE!@#"
        withSecurityLevel={true}
      />
    </div>
  </div>
  <div
    className="MuiDialogActions-root MuiDialogActions-spacing"
  >
    <div
      className="MuiBox-root MuiBox-root-18"
    >
      <button
        className="MuiButtonBase-root MuiButton-root MuiButton-contained HookGlobalStyles-button-1 MuiButton-containedPrimary"
        disabled={false}
        onBlur={[Function]}
        onDragLeave={[Function]}
        onFocus={[Function]}
        onKeyDown={[Function]}
        onKeyUp={[Function]}
        onMouseDown={[Function]}
        onMouseLeave={[Function]}
        onMouseUp={[Function]}
        onTouchEnd={[Function]}
        onTouchMove={[Function]}
        onTouchStart={[Function]}
        tabIndex={0}
        type="submit"
      >
        <span
          className="MuiButton-label"
        >
          common:next
        </span>
        <span
          className="MuiTouchRipple-root"
        />
      </button>
    </div>
  </div>
</form>
`;

exports[`component: CreateWalletDialog - SecurityPassword renders correctly with weak password 1`] = `
<form
  noValidate={true}
  onSubmit={[Function]}
>
  <div
    className="MuiDialogContent-root HookGlobalStyles-dialogContent-7"
  >
    <p
      className="MuiTypography-root MuiDialogContentText-root MuiTypography-body1 MuiTypography-colorTextSecondary"
    >
      common:security password description
    </p>
    <div
      className="MuiBox-root MuiBox-root-13"
    >
      <div
        id="PasswordInput"
        onChange={[Function]}
        placeholder="common:password"
        value="123456"
        withSecurityLevel={true}
      />
    </div>
  </div>
  <div
    className="MuiDialogActions-root MuiDialogActions-spacing"
  >
    <div
      className="MuiBox-root MuiBox-root-14"
    >
      <button
        className="MuiButtonBase-root MuiButton-root MuiButton-contained HookGlobalStyles-button-1 MuiButton-containedPrimary"
        disabled={false}
        onBlur={[Function]}
        onDragLeave={[Function]}
        onFocus={[Function]}
        onKeyDown={[Function]}
        onKeyUp={[Function]}
        onMouseDown={[Function]}
        onMouseLeave={[Function]}
        onMouseUp={[Function]}
        onTouchEnd={[Function]}
        onTouchMove={[Function]}
        onTouchStart={[Function]}
        tabIndex={0}
        type="submit"
      >
        <span
          className="MuiButton-label"
        >
          common:next
        </span>
        <span
          className="MuiTouchRipple-root"
        />
      </button>
    </div>
  </div>
</form>
`;
