// Jest Snapshot v1, https://goo.gl/fbAQLP

exports[`page: Home renders correctly 1`] = `
<Layout
  activeItem="/"
  passwordRequired={true}
>
  <div
    className="MuiGrid-root MuiGrid-container MuiGrid-spacing-xs-3"
  >
    <div
      className="MuiGrid-root MuiGrid-item MuiGrid-grid-md-6"
    >
      <WalletBalanceChart />
    </div>
    <div
      className="MuiGrid-root MuiGrid-item MuiGrid-grid-md-6"
    >
      <AssetDistributionChart
        accounts={
          Array [
            Object {
              "address": "address",
              "createdAt": 0,
              "crypto": "ATOM",
              "fav": false,
              "index": 0,
              "name": "name",
              "walletId": "123",
            },
          ]
        }
      />
    </div>
  </div>
  <div
    className="MuiBox-root MuiBox-root-1"
  >
    <h4
      className="MuiTypography-root MuiTypography-h4 MuiTypography-gutterBottom"
    >
      common:accounts
    </h4>
  </div>
  <div
    className="MuiGrid-root MuiGrid-container MuiGrid-spacing-xs-3"
  >
    <div
      className="MuiGrid-root MuiGrid-item MuiGrid-grid-xs-12 MuiGrid-grid-md-6 MuiGrid-grid-lg-4"
    >
      <AccountStatCard
        account={
          Object {
            "address": "address",
            "createdAt": 0,
            "crypto": "ATOM",
            "fav": false,
            "index": 0,
            "name": "name",
            "walletId": "123",
          }
        }
      />
    </div>
  </div>
</Layout>
`;
