// Jest Snapshot v1, https://goo.gl/fbAQLP

exports[`component: Layout - NavBar renders correctly 1`] = `
<div
  className="MuiBox-root MuiBox-root-8 HookGlobalStyles-navBar-5"
>
  <CurrencyMenuButton />
  <a
    aria-disabled={false}
    className="MuiButtonBase-root MuiIconButton-root HookGlobalStyles-navBarButton-6"
    href="/settings"
    onBlur={[Function]}
    onClick={[Function]}
    onDragLeave={[Function]}
    onFocus={[Function]}
    onKeyDown={[Function]}
    onKeyUp={[Function]}
    onMouseDown={[Function]}
    onMouseEnter={[Function]}
    onMouseLeave={[Function]}
    onMouseUp={[Function]}
    onTouchEnd={[Function]}
    onTouchMove={[Function]}
    onTouchStart={[Function]}
    tabIndex={0}
  >
    <span
      className="MuiIconButton-label"
    >
      <svg
        data-file-name="SvgIcon_settings"
        fill="#e0e0e0"
        height={24}
        width={24}
      />
    </span>
  </a>
</div>
`;
