// Jest Snapshot v1, https://goo.gl/fbAQLP

exports[`component: UnlockPasswordDialog renders correctly 1`] = `
<div
  PaperProps={
    Object {
      "className": "HookGlobalStyles-dialog-3",
    }
  }
  fullScreen={false}
  fullWidth={true}
  id="dialog"
  open={true}
>
  <div
    className="MuiDialogTitle-root"
  >
    <h2
      className="MuiTypography-root MuiTypography-h6"
    >
      common:unlock password title
    </h2>
  </div>
  <form
    className="HookGlobalStyles-action-6"
    noValidate={true}
    onSubmit={[Function]}
  >
    <div
      className="MuiDialogContent-root"
    >
      <p
        className="MuiTypography-root MuiDialogContentText-root MuiTypography-body1 MuiTypography-colorTextSecondary"
      >
        common:unlock password description
      </p>
      <div
        error={false}
        helperText=""
        id="PasswordInput"
        onChange={[Function]}
        placeholder="common:password"
        value=""
      />
    </div>
    <div
      className="MuiDialogActions-root HookGlobalStyles-action-6 MuiDialogActions-spacing"
    >
      <button
        className="MuiButtonBase-root MuiButton-root MuiButton-contained HookGlobalStyles-button-2 MuiButton-containedPrimary Mui-disabled Mui-disabled"
        disabled={true}
        onBlur={[Function]}
        onDragLeave={[Function]}
        onFocus={[Function]}
        onKeyDown={[Function]}
        onKeyUp={[Function]}
        onMouseDown={[Function]}
        onMouseLeave={[Function]}
        onMouseUp={[Function]}
        onTouchEnd={[Function]}
        onTouchMove={[Function]}
        onTouchStart={[Function]}
        tabIndex={-1}
        type="submit"
      >
        <span
          className="MuiButton-label"
        >
          common:next
        </span>
      </button>
      <button
        className="MuiButtonBase-root MuiButton-root MuiButton-text HookGlobalStyles-forgotButton-5"
        disabled={false}
        onBlur={[Function]}
        onClick={[Function]}
        onDragLeave={[Function]}
        onFocus={[Function]}
        onKeyDown={[Function]}
        onKeyUp={[Function]}
        onMouseDown={[Function]}
        onMouseLeave={[Function]}
        onMouseUp={[Function]}
        onTouchEnd={[Function]}
        onTouchMove={[Function]}
        onTouchStart={[Function]}
        tabIndex={0}
        type="button"
      >
        <span
          className="MuiButton-label"
        >
          common:forgot password?
        </span>
      </button>
    </div>
  </form>
</div>
`;

exports[`component: UnlockPasswordDialog renders correctly when password is changed 1`] = `
<div
  PaperProps={
    Object {
      "className": "HookGlobalStyles-dialog-3",
    }
  }
  fullScreen={false}
  fullWidth={true}
  id="dialog"
  open={true}
>
  <div
    className="MuiDialogTitle-root"
  >
    <h2
      className="MuiTypography-root MuiTypography-h6"
    >
      common:unlock password title
    </h2>
  </div>
  <form
    className="HookGlobalStyles-action-6"
    noValidate={true}
    onSubmit={[Function]}
  >
    <div
      className="MuiDialogContent-root"
    >
      <p
        className="MuiTypography-root MuiDialogContentText-root MuiTypography-body1 MuiTypography-colorTextSecondary"
      >
        common:unlock password description
      </p>
      <div
        error={false}
        helperText=""
        id="PasswordInput"
        onChange={[Function]}
        placeholder="common:password"
        value="password"
      />
    </div>
    <div
      className="MuiDialogActions-root HookGlobalStyles-action-6 MuiDialogActions-spacing"
    >
      <button
        className="MuiButtonBase-root MuiButton-root MuiButton-contained HookGlobalStyles-button-2 MuiButton-containedPrimary"
        disabled={false}
        onBlur={[Function]}
        onDragLeave={[Function]}
        onFocus={[Function]}
        onKeyDown={[Function]}
        onKeyUp={[Function]}
        onMouseDown={[Function]}
        onMouseLeave={[Function]}
        onMouseUp={[Function]}
        onTouchEnd={[Function]}
        onTouchMove={[Function]}
        onTouchStart={[Function]}
        tabIndex={0}
        type="submit"
      >
        <span
          className="MuiButton-label"
        >
          common:next
        </span>
        <span
          className="MuiTouchRipple-root"
        />
      </button>
      <button
        className="MuiButtonBase-root MuiButton-root MuiButton-text HookGlobalStyles-forgotButton-5"
        disabled={false}
        onBlur={[Function]}
        onClick={[Function]}
        onDragLeave={[Function]}
        onFocus={[Function]}
        onKeyDown={[Function]}
        onKeyUp={[Function]}
        onMouseDown={[Function]}
        onMouseLeave={[Function]}
        onMouseUp={[Function]}
        onTouchEnd={[Function]}
        onTouchMove={[Function]}
        onTouchStart={[Function]}
        tabIndex={0}
        type="button"
      >
        <span
          className="MuiButton-label"
        >
          common:forgot password?
        </span>
        <span
          className="MuiTouchRipple-root"
        />
      </button>
    </div>
  </form>
</div>
`;

exports[`component: UnlockPasswordDialog renders error state correctly 1`] = `
<div
  PaperProps={
    Object {
      "className": "HookGlobalStyles-dialog-3",
    }
  }
  fullScreen={false}
  fullWidth={true}
  id="dialog"
  open={true}
>
  <div
    className="MuiDialogTitle-root"
  >
    <h2
      className="MuiTypography-root MuiTypography-h6"
    >
      common:unlock password title
    </h2>
  </div>
  <form
    className="HookGlobalStyles-action-6"
    noValidate={true}
    onSubmit={[Function]}
  >
    <div
      className="MuiDialogContent-root"
    >
      <p
        className="MuiTypography-root MuiDialogContentText-root MuiTypography-body1 MuiTypography-colorTextSecondary"
      >
        common:unlock password description
      </p>
      <div
        error={true}
        helperText="common:invalid password"
        id="PasswordInput"
        onChange={[Function]}
        placeholder="common:password"
        value=""
      />
    </div>
    <div
      className="MuiDialogActions-root HookGlobalStyles-action-6 MuiDialogActions-spacing"
    >
      <button
        className="MuiButtonBase-root MuiButton-root MuiButton-contained HookGlobalStyles-button-2 MuiButton-containedPrimary Mui-disabled Mui-disabled"
        disabled={true}
        onBlur={[Function]}
        onDragLeave={[Function]}
        onFocus={[Function]}
        onKeyDown={[Function]}
        onKeyUp={[Function]}
        onMouseDown={[Function]}
        onMouseLeave={[Function]}
        onMouseUp={[Function]}
        onTouchEnd={[Function]}
        onTouchMove={[Function]}
        onTouchStart={[Function]}
        tabIndex={-1}
        type="submit"
      >
        <span
          className="MuiButton-label"
        >
          common:next
        </span>
      </button>
      <button
        className="MuiButtonBase-root MuiButton-root MuiButton-text HookGlobalStyles-forgotButton-5"
        disabled={false}
        onBlur={[Function]}
        onClick={[Function]}
        onDragLeave={[Function]}
        onFocus={[Function]}
        onKeyDown={[Function]}
        onKeyUp={[Function]}
        onMouseDown={[Function]}
        onMouseLeave={[Function]}
        onMouseUp={[Function]}
        onTouchEnd={[Function]}
        onTouchMove={[Function]}
        onTouchStart={[Function]}
        tabIndex={0}
        type="button"
      >
        <span
          className="MuiButton-label"
        >
          common:forgot password?
        </span>
        <span
          className="MuiTouchRipple-root"
        />
      </button>
    </div>
  </form>
</div>
`;

exports[`component: UnlockPasswordDialog renders non empty password correctly 1`] = `
<div
  PaperProps={
    Object {
      "className": "HookGlobalStyles-dialog-3",
    }
  }
  fullScreen={false}
  fullWidth={true}
  id="dialog"
  open={true}
>
  <div
    className="MuiDialogTitle-root"
  >
    <h2
      className="MuiTypography-root MuiTypography-h6"
    >
      common:unlock password title
    </h2>
  </div>
  <form
    className="HookGlobalStyles-action-6"
    noValidate={true}
    onSubmit={[Function]}
  >
    <div
      className="MuiDialogContent-root"
    >
      <p
        className="MuiTypography-root MuiDialogContentText-root MuiTypography-body1 MuiTypography-colorTextSecondary"
      >
        common:unlock password description
      </p>
      <div
        error={false}
        helperText=""
        id="PasswordInput"
        onChange={[Function]}
        placeholder="common:password"
        value=""
      />
    </div>
    <div
      className="MuiDialogActions-root HookGlobalStyles-action-6 MuiDialogActions-spacing"
    >
      <button
        className="MuiButtonBase-root MuiButton-root MuiButton-contained HookGlobalStyles-button-2 MuiButton-containedPrimary Mui-disabled Mui-disabled"
        disabled={true}
        onBlur={[Function]}
        onDragLeave={[Function]}
        onFocus={[Function]}
        onKeyDown={[Function]}
        onKeyUp={[Function]}
        onMouseDown={[Function]}
        onMouseLeave={[Function]}
        onMouseUp={[Function]}
        onTouchEnd={[Function]}
        onTouchMove={[Function]}
        onTouchStart={[Function]}
        tabIndex={-1}
        type="submit"
      >
        <span
          className="MuiButton-label"
        >
          common:next
        </span>
      </button>
      <button
        className="MuiButtonBase-root MuiButton-root MuiButton-text HookGlobalStyles-forgotButton-5"
        disabled={false}
        onBlur={[Function]}
        onClick={[Function]}
        onDragLeave={[Function]}
        onFocus={[Function]}
        onKeyDown={[Function]}
        onKeyUp={[Function]}
        onMouseDown={[Function]}
        onMouseLeave={[Function]}
        onMouseUp={[Function]}
        onTouchEnd={[Function]}
        onTouchMove={[Function]}
        onTouchStart={[Function]}
        tabIndex={0}
        type="button"
      >
        <span
          className="MuiButton-label"
        >
          common:forgot password?
        </span>
        <span
          className="MuiTouchRipple-root"
        />
      </button>
    </div>
  </form>
</div>
`;

exports[`component: UnlockPasswordDialog renders non empty wallets correctly 1`] = `
<div
  PaperProps={
    Object {
      "className": "HookGlobalStyles-dialog-3",
    }
  }
  fullScreen={false}
  fullWidth={true}
  id="dialog"
  open={false}
>
  <div
    className="MuiDialogTitle-root"
  >
    <h2
      className="MuiTypography-root MuiTypography-h6"
    >
      common:unlock password title
    </h2>
  </div>
  <form
    className="HookGlobalStyles-action-6"
    noValidate={true}
    onSubmit={[Function]}
  >
    <div
      className="MuiDialogContent-root"
    >
      <p
        className="MuiTypography-root MuiDialogContentText-root MuiTypography-body1 MuiTypography-colorTextSecondary"
      >
        common:unlock password description
      </p>
      <div
        error={false}
        helperText=""
        id="PasswordInput"
        onChange={[Function]}
        placeholder="common:password"
        value=""
      />
    </div>
    <div
      className="MuiDialogActions-root HookGlobalStyles-action-6 MuiDialogActions-spacing"
    >
      <button
        className="MuiButtonBase-root MuiButton-root MuiButton-contained HookGlobalStyles-button-2 MuiButton-containedPrimary Mui-disabled Mui-disabled"
        disabled={true}
        onBlur={[Function]}
        onDragLeave={[Function]}
        onFocus={[Function]}
        onKeyDown={[Function]}
        onKeyUp={[Function]}
        onMouseDown={[Function]}
        onMouseLeave={[Function]}
        onMouseUp={[Function]}
        onTouchEnd={[Function]}
        onTouchMove={[Function]}
        onTouchStart={[Function]}
        tabIndex={-1}
        type="submit"
      >
        <span
          className="MuiButton-label"
        >
          common:next
        </span>
      </button>
      <button
        className="MuiButtonBase-root MuiButton-root MuiButton-text HookGlobalStyles-forgotButton-5"
        disabled={false}
        onBlur={[Function]}
        onClick={[Function]}
        onDragLeave={[Function]}
        onFocus={[Function]}
        onKeyDown={[Function]}
        onKeyUp={[Function]}
        onMouseDown={[Function]}
        onMouseLeave={[Function]}
        onMouseUp={[Function]}
        onTouchEnd={[Function]}
        onTouchMove={[Function]}
        onTouchStart={[Function]}
        tabIndex={0}
        type="button"
      >
        <span
          className="MuiButton-label"
        >
          common:forgot password?
        </span>
        <span
          className="MuiTouchRipple-root"
        />
      </button>
    </div>
  </form>
</div>
`;
