// Jest Snapshot v1, https://goo.gl/fbAQLP

exports[`component: DeleteWalletDialog renders opened state correctly 1`] = `
Array [
  <div
    className="MuiDialogTitle-root"
  >
    <h2
      className="MuiTypography-root MuiTypography-h6"
    >
      common:delete wallet
    </h2>
  </div>,
  <div
    className="MuiDialogContent-root"
  >
    <p
      className="MuiTypography-root MuiTypography-body1"
    >
      common:delete wallet warning
    </p>
  </div>,
  <div
    className="MuiDialogActions-root MuiDialogActions-spacing"
  >
    <button
      className="MuiButtonBase-root MuiButton-root MuiButton-contained HookGlobalStyles-dialogButton-4 MuiButton-containedSecondary"
      disabled={false}
      onBlur={[Function]}
      onClick={[MockFunction]}
      onDragLeave={[Function]}
      onFocus={[Function]}
      onKeyDown={[Function]}
      onKeyUp={[Function]}
      onMouseDown={[Function]}
      onMouseLeave={[Function]}
      onMouseUp={[Function]}
      onTouchEnd={[Function]}
      onTouchMove={[Function]}
      onTouchStart={[Function]}
      tabIndex={0}
      type="button"
    >
      <span
        className="MuiButton-label"
      >
        common:cancel
      </span>
    </button>
    <button
      className="MuiButtonBase-root MuiButton-root MuiButton-contained HookGlobalStyles-dialogButton-4 MuiButton-containedPrimary"
      disabled={false}
      onBlur={[Function]}
      onClick={[Function]}
      onDragLeave={[Function]}
      onFocus={[Function]}
      onKeyDown={[Function]}
      onKeyUp={[Function]}
      onMouseDown={[Function]}
      onMouseLeave={[Function]}
      onMouseUp={[Function]}
      onTouchEnd={[Function]}
      onTouchMove={[Function]}
      onTouchStart={[Function]}
      tabIndex={0}
      type="button"
    >
      <span
        className="MuiButton-label"
      >
        common:delete
      </span>
    </button>
  </div>,
]
`;
