// Jest Snapshot v1, https://goo.gl/fbAQLP

exports[`component: GetStarted closes CreateWalletDialog when onClose is called from CreateWalletDialog 1`] = `
Array [
  <div
    className="MuiBox-root MuiBox-root-9 HookGlobalStyles-container-1"
  >
    <svg
      data-file-name="SvgGet_started_dark"
    />
    <h4
      className="MuiTypography-root HookGlobalStyles-marginTop-2 MuiTypography-h4 MuiTypography-alignCenter"
    >
      common:get started line1
    </h4>
    <h6
      className="MuiTypography-root HookGlobalStyles-marginTop-2 MuiTypography-h6 MuiTypography-alignCenter"
    >
      common:get started line2
    </h6>
    <button
      className="MuiButtonBase-root MuiButton-root MuiButton-contained HookGlobalStyles-button-3 MuiButton-containedPrimary"
      disabled={false}
      onBlur={[Function]}
      onClick={[Function]}
      onDragLeave={[Function]}
      onFocus={[Function]}
      onKeyDown={[Function]}
      onKeyUp={[Function]}
      onMouseDown={[Function]}
      onMouseLeave={[Function]}
      onMouseUp={[Function]}
      onTouchEnd={[Function]}
      onTouchMove={[Function]}
      onTouchStart={[Function]}
      tabIndex={0}
      type="button"
    >
      <span
        className="MuiButton-label"
      >
        common:get started button
      </span>
      <span
        className="MuiTouchRipple-root"
      />
    </button>
  </div>,
  <OnboardingDialog
    onClose={[Function]}
    onSubmit={[Function]}
    open={false}
  />,
  <CreateWalletDialog
    onClose={[Function]}
    open={false}
  />,
]
`;

exports[`component: GetStarted closes OnboardingDialog when onClose is called from Dialog 1`] = `
Array [
  <div
    className="MuiBox-root MuiBox-root-7 HookGlobalStyles-container-1"
  >
    <svg
      data-file-name="SvgGet_started_dark"
    />
    <h4
      className="MuiTypography-root HookGlobalStyles-marginTop-2 MuiTypography-h4 MuiTypography-alignCenter"
    >
      common:get started line1
    </h4>
    <h6
      className="MuiTypography-root HookGlobalStyles-marginTop-2 MuiTypography-h6 MuiTypography-alignCenter"
    >
      common:get started line2
    </h6>
    <button
      className="MuiButtonBase-root MuiButton-root MuiButton-contained HookGlobalStyles-button-3 MuiButton-containedPrimary"
      disabled={false}
      onBlur={[Function]}
      onClick={[Function]}
      onDragLeave={[Function]}
      onFocus={[Function]}
      onKeyDown={[Function]}
      onKeyUp={[Function]}
      onMouseDown={[Function]}
      onMouseLeave={[Function]}
      onMouseUp={[Function]}
      onTouchEnd={[Function]}
      onTouchMove={[Function]}
      onTouchStart={[Function]}
      tabIndex={0}
      type="button"
    >
      <span
        className="MuiButton-label"
      >
        common:get started button
      </span>
      <span
        className="MuiTouchRipple-root"
      />
    </button>
  </div>,
  <OnboardingDialog
    onClose={[Function]}
    onSubmit={[Function]}
    open={false}
  />,
  <CreateWalletDialog
    onClose={[Function]}
    open={false}
  />,
]
`;

exports[`component: GetStarted opens CreateWalletDialog and calls setPassword when onSubmit is called from OnboardingDialog 1`] = `
Array [
  <div
    className="MuiBox-root MuiBox-root-8 HookGlobalStyles-container-1"
  >
    <svg
      data-file-name="SvgGet_started_dark"
    />
    <h4
      className="MuiTypography-root HookGlobalStyles-marginTop-2 MuiTypography-h4 MuiTypography-alignCenter"
    >
      common:get started line1
    </h4>
    <h6
      className="MuiTypography-root HookGlobalStyles-marginTop-2 MuiTypography-h6 MuiTypography-alignCenter"
    >
      common:get started line2
    </h6>
    <button
      className="MuiButtonBase-root MuiButton-root MuiButton-contained HookGlobalStyles-button-3 MuiButton-containedPrimary"
      disabled={false}
      onBlur={[Function]}
      onClick={[Function]}
      onDragLeave={[Function]}
      onFocus={[Function]}
      onKeyDown={[Function]}
      onKeyUp={[Function]}
      onMouseDown={[Function]}
      onMouseLeave={[Function]}
      onMouseUp={[Function]}
      onTouchEnd={[Function]}
      onTouchMove={[Function]}
      onTouchStart={[Function]}
      tabIndex={0}
      type="button"
    >
      <span
        className="MuiButton-label"
      >
        common:get started button
      </span>
      <span
        className="MuiTouchRipple-root"
      />
    </button>
  </div>,
  <OnboardingDialog
    onClose={[Function]}
    onSubmit={[Function]}
    open={false}
  />,
  <CreateWalletDialog
    onClose={[Function]}
    open={true}
  />,
]
`;

exports[`component: GetStarted opens Onboarding Dialog on click 1`] = `
Array [
  <div
    className="MuiBox-root MuiBox-root-6 HookGlobalStyles-container-1"
  >
    <svg
      data-file-name="SvgGet_started_dark"
    />
    <h4
      className="MuiTypography-root HookGlobalStyles-marginTop-2 MuiTypography-h4 MuiTypography-alignCenter"
    >
      common:get started line1
    </h4>
    <h6
      className="MuiTypography-root HookGlobalStyles-marginTop-2 MuiTypography-h6 MuiTypography-alignCenter"
    >
      common:get started line2
    </h6>
    <button
      className="MuiButtonBase-root MuiButton-root MuiButton-contained HookGlobalStyles-button-3 MuiButton-containedPrimary"
      disabled={false}
      onBlur={[Function]}
      onClick={[Function]}
      onDragLeave={[Function]}
      onFocus={[Function]}
      onKeyDown={[Function]}
      onKeyUp={[Function]}
      onMouseDown={[Function]}
      onMouseLeave={[Function]}
      onMouseUp={[Function]}
      onTouchEnd={[Function]}
      onTouchMove={[Function]}
      onTouchStart={[Function]}
      tabIndex={0}
      type="button"
    >
      <span
        className="MuiButton-label"
      >
        common:get started button
      </span>
      <span
        className="MuiTouchRipple-root"
      />
    </button>
  </div>,
  <OnboardingDialog
    onClose={[Function]}
    onSubmit={[Function]}
    open={true}
  />,
  <CreateWalletDialog
    onClose={[Function]}
    open={false}
  />,
]
`;

exports[`component: GetStarted renders dark theme correctly 1`] = `
Array [
  <div
    className="MuiBox-root MuiBox-root-5 HookGlobalStyles-container-1"
  >
    <svg
      data-file-name="SvgGet_started_dark"
    />
    <h4
      className="MuiTypography-root HookGlobalStyles-marginTop-2 MuiTypography-h4 MuiTypography-alignCenter"
    >
      common:get started line1
    </h4>
    <h6
      className="MuiTypography-root HookGlobalStyles-marginTop-2 MuiTypography-h6 MuiTypography-alignCenter"
    >
      common:get started line2
    </h6>
    <button
      className="MuiButtonBase-root MuiButton-root MuiButton-contained HookGlobalStyles-button-3 MuiButton-containedPrimary"
      disabled={false}
      onBlur={[Function]}
      onClick={[Function]}
      onDragLeave={[Function]}
      onFocus={[Function]}
      onKeyDown={[Function]}
      onKeyUp={[Function]}
      onMouseDown={[Function]}
      onMouseLeave={[Function]}
      onMouseUp={[Function]}
      onTouchEnd={[Function]}
      onTouchMove={[Function]}
      onTouchStart={[Function]}
      tabIndex={0}
      type="button"
    >
      <span
        className="MuiButton-label"
      >
        common:get started button
      </span>
      <span
        className="MuiTouchRipple-root"
      />
    </button>
  </div>,
  <OnboardingDialog
    onClose={[Function]}
    onSubmit={[Function]}
    open={false}
  />,
  <CreateWalletDialog
    onClose={[Function]}
    open={false}
  />,
]
`;

exports[`component: GetStarted renders light theme correctly 1`] = `
Array [
  <div
    className="MuiBox-root MuiBox-root-4 HookGlobalStyles-container-1"
  >
    <svg
      data-file-name="SvgGet_started_light"
    />
    <h4
      className="MuiTypography-root HookGlobalStyles-marginTop-2 MuiTypography-h4 MuiTypography-alignCenter"
    >
      common:get started line1
    </h4>
    <h6
      className="MuiTypography-root HookGlobalStyles-marginTop-2 MuiTypography-h6 MuiTypography-alignCenter"
    >
      common:get started line2
    </h6>
    <button
      className="MuiButtonBase-root MuiButton-root MuiButton-contained HookGlobalStyles-button-3 MuiButton-containedPrimary"
      disabled={false}
      onBlur={[Function]}
      onClick={[Function]}
      onDragLeave={[Function]}
      onFocus={[Function]}
      onKeyDown={[Function]}
      onKeyUp={[Function]}
      onMouseDown={[Function]}
      onMouseLeave={[Function]}
      onMouseUp={[Function]}
      onTouchEnd={[Function]}
      onTouchMove={[Function]}
      onTouchStart={[Function]}
      tabIndex={0}
      type="button"
    >
      <span
        className="MuiButton-label"
      >
        common:get started button
      </span>
    </button>
  </div>,
  <OnboardingDialog
    onClose={[Function]}
    onSubmit={[Function]}
    open={false}
  />,
  <CreateWalletDialog
    onClose={[Function]}
    open={false}
  />,
]
`;
